// Jest Snapshot v1, https://goo.gl/fbAQLP

exports[`Should render MainContent renders correctly 1`] = `
<ForwardRef
  bordered={true}
  hover={true}
  striped={true}
  variant="dark"
>
  <thead>
    <tr>
      <th>
        #
      </th>
      <th>
        Currency
      </th>
      <th>
        Exchange Rate = 1 EUR
      </th>
    </tr>
  </thead>
  <tbody>
    <tr
      key="CAD"
    >
      <td>
        1
      </td>
      <td>
        CAD
      </td>
      <td>
        1.5118
      </td>
      <td>
        <i
          onClick={[Function]}
        >
          <Star
            color={false}
          />
        </i>
      </td>
    </tr>
    <tr
      key="HKD"
    >
      <td>
        2
      </td>
      <td>
        HKD
      </td>
      <td>
        8.4052
      </td>
      <td>
        <i
          onClick={[Function]}
        >
          <Star
            color={false}
          />
        </i>
      </td>
    </tr>
  </tbody>
</ForwardRef>
`;
